Archive member included because of file (symbol)

/home/anthony/.pebble-sdk/SDKs/current/sdk-core/pebble/aplite/lib/libpebble.a(tmp8J753Spebble.o)
                              src/main.c.24.o (app_event_loop)

Allocating common symbols
Common symbol       size              file

menuConfig          0x18              src/page_view.c.24.o
pageMenu            0x4               src/page_view.c.24.o
notifyFont          0x4               src/notify.c.24.o
actions             0x10              src/page_view.c.24.o
menuFont            0x4               src/page_menu.c.24.o

Discarded input sections

 .text          0x0000000000000000        0x0 /home/anthony/workspace/pebble-dev/pebble-sdk-4.2-linux64/arm-cs-tools/bin/../lib/gcc/arm-none-eabi/4.7.2/thumb2/crti.o
 .bss           0x0000000000000000        0x0 /home/anthony/workspace/pebble-dev/pebble-sdk-4.2-linux64/arm-cs-tools/bin/../lib/gcc/arm-none-eabi/4.7.2/thumb2/crti.o
 .init          0x0000000000000000        0x4 /home/anthony/workspace/pebble-dev/pebble-sdk-4.2-linux64/arm-cs-tools/bin/../lib/gcc/arm-none-eabi/4.7.2/thumb2/crti.o
 .fini          0x0000000000000000        0x4 /home/anthony/workspace/pebble-dev/pebble-sdk-4.2-linux64/arm-cs-tools/bin/../lib/gcc/arm-none-eabi/4.7.2/thumb2/crti.o
 .text          0x0000000000000000       0xc8 /home/anthony/workspace/pebble-dev/pebble-sdk-4.2-linux64/arm-cs-tools/bin/../lib/gcc/arm-none-eabi/4.7.2/thumb2/crtbegin.o
 .bss           0x0000000000000000       0x1c /home/anthony/workspace/pebble-dev/pebble-sdk-4.2-linux64/arm-cs-tools/bin/../lib/gcc/arm-none-eabi/4.7.2/thumb2/crtbegin.o
 .init_array    0x0000000000000000        0x4 /home/anthony/workspace/pebble-dev/pebble-sdk-4.2-linux64/arm-cs-tools/bin/../lib/gcc/arm-none-eabi/4.7.2/thumb2/crtbegin.o
 .fini_array    0x0000000000000000        0x4 /home/anthony/workspace/pebble-dev/pebble-sdk-4.2-linux64/arm-cs-tools/bin/../lib/gcc/arm-none-eabi/4.7.2/thumb2/crtbegin.o
 .eh_frame      0x0000000000000000        0x0 /home/anthony/workspace/pebble-dev/pebble-sdk-4.2-linux64/arm-cs-tools/bin/../lib/gcc/arm-none-eabi/4.7.2/thumb2/crtbegin.o
 .jcr           0x0000000000000000        0x0 /home/anthony/workspace/pebble-dev/pebble-sdk-4.2-linux64/arm-cs-tools/bin/../lib/gcc/arm-none-eabi/4.7.2/thumb2/crtbegin.o
 .tm_clone_table
                0x0000000000000000        0x0 /home/anthony/workspace/pebble-dev/pebble-sdk-4.2-linux64/arm-cs-tools/bin/../lib/gcc/arm-none-eabi/4.7.2/thumb2/crtbegin.o
 .text          0x0000000000000000        0x0 src/debug.c.24.o
 .bss           0x0000000000000000        0x0 src/debug.c.24.o
 .text.debugDictionary
                0x0000000000000000      0x13c src/debug.c.24.o
 .text          0x0000000000000000        0x0 src/drawing.c.24.o
 .bss           0x0000000000000000        0x0 src/drawing.c.24.o
 .text          0x0000000000000000        0x0 src/main.c.24.o
 .bss           0x0000000000000000        0x0 src/main.c.24.o
 .text          0x0000000000000000        0x0 src/main_menu.c.24.o
 .bss           0x0000000000000000        0x0 src/main_menu.c.24.o
 .text          0x0000000000000000        0x0 src/message_handler.c.24.o
 .bss           0x0000000000000000        0x0 src/message_handler.c.24.o
 .text          0x0000000000000000        0x0 src/messaging_core.c.24.o
 .bss           0x0000000000000000        0x0 src/messaging_core.c.24.o
 .text          0x0000000000000000        0x0 src/notify.c.24.o
 .bss           0x0000000000000000        0x0 src/notify.c.24.o
 .text.reloadList
                0x0000000000000000       0x28 src/notify.c.24.o
 .text          0x0000000000000000        0x0 src/options.c.24.o
 .bss           0x0000000000000000        0x0 src/options.c.24.o
 .text          0x0000000000000000        0x0 src/page_menu.c.24.o
 .bss           0x0000000000000000        0x0 src/page_menu.c.24.o
 .text.remove_title
                0x0000000000000000       0x5c src/page_menu.c.24.o
 .text          0x0000000000000000        0x0 src/page_view.c.24.o
 .bss           0x0000000000000000        0x0 src/page_view.c.24.o
 .text          0x0000000000000000        0x0 src/subpage.c.24.o
 .bss           0x0000000000000000        0x0 src/subpage.c.24.o
 .text          0x0000000000000000        0x0 src/util.c.24.o
 .bss           0x0000000000000000        0x0 src/util.c.24.o
 .text.getPebbleBattery
                0x0000000000000000       0x54 src/util.c.24.o
 .text.getUptime
                0x0000000000000000       0x18 src/util.c.24.o
 .text.getTotalUptime
                0x0000000000000000       0x14 src/util.c.24.o
 .text.setSavedUptime
                0x0000000000000000        0xc src/util.c.24.o
 .text.setLaunchTime
                0x0000000000000000        0xc src/util.c.24.o
 .text.stol     0x0000000000000000       0x20 src/util.c.24.o
 .rodata.str1.1
                0x0000000000000000        0x7 src/util.c.24.o
 .bss.savedUptime
                0x0000000000000000        0x4 src/util.c.24.o
 .data.keepLeadingZero
[...]
Memory Configuration

Name             Origin             Length             Attributes
APP              0x0000000000000000 0x0000000000006000 xrw
*default*        0x0000000000000000 0xffffffffffffffff

Linker script and memory map

LOAD /home/anthony/workspace/pebble-dev/pebble-sdk-4.2-linux64/arm-cs-tools/bin/../lib/gcc/arm-none-eabi/4.7.2/thumb2/crti.o
LOAD /home/anthony/workspace/pebble-dev/pebble-sdk-4.2-linux64/arm-cs-tools/bin/../lib/gcc/arm-none-eabi/4.7.2/thumb2/crtbegin.o
LOAD src/debug.c.24.o
LOAD src/drawing.c.24.o
LOAD src/main.c.24.o
LOAD src/main_menu.c.24.o
LOAD src/message_handler.c.24.o
LOAD src/messaging_core.c.24.o
LOAD src/notify.c.24.o
LOAD src/options.c.24.o
LOAD src/page_menu.c.24.o
LOAD src/page_view.c.24.o
LOAD src/subpage.c.24.o
LOAD src/util.c.24.o
LOAD aplite/appinfo.auto.c.24.o
LOAD /home/anthony/.pebble-sdk/SDKs/current/sdk-core/pebble/aplite/lib/libpebble.a
START GROUP
LOAD /home/anthony/workspace/pebble-dev/pebble-sdk-4.2-linux64/arm-cs-tools/bin/../lib/gcc/arm-none-eabi/4.7.2/thumb2/libgcc.a
LOAD /home/anthony/workspace/pebble-dev/pebble-sdk-4.2-linux64/arm-cs-tools/bin/../lib/gcc/arm-none-eabi/4.7.2/../../../../arm-none-eabi/lib/thumb2/libc.a
END GROUP
LOAD /home/anthony/workspace/pebble-dev/pebble-sdk-4.2-linux64/arm-cs-tools/bin/../lib/gcc/arm-none-eabi/4.7.2/thumb2/crtend.o
LOAD /home/anthony/workspace/pebble-dev/pebble-sdk-4.2-linux64/arm-cs-tools/bin/../lib/gcc/arm-none-eabi/4.7.2/thumb2/crtn.o

.header         0x0000000000000000       0x82
 *(.pbl_header)
 .pbl_header    0x0000000000000000       0x82 aplite/appinfo.auto.c.24.o
                0x0000000000000000                __pbl_app_info

.note.gnu.build-id
                0x0000000000000082       0x26
                0x0000000000000082                PROVIDE (BUILD_ID, .)
 *(.note.gnu.build-id)
 *fill*         0x0000000000000082        0x2 
 .note.gnu.build-id
                0x0000000000000084       0x24 linker stubs

.text           0x00000000000000a8     0x4645
 *(.text)
 .text          0x00000000000000a8       0x14 /home/anthony/.pebble-sdk/SDKs/current/sdk-core/pebble/aplite/lib/libpebble.a(tmp8J753Spebble.o)
 *(.text.*)
 .text.memDebug
                0x00000000000000bc       0x48 src/debug.c.24.o
                0x00000000000000bc                memDebug
 .text.draw_color_preview
                0x0000000000000104       0x36 src/drawing.c.24.o
                0x0000000000000104                draw_color_preview
 *fill*         0x000000000000013a        0x2 
 .text.draw_font_preview
                0x000000000000013c       0xa4 src/drawing.c.24.o
                0x000000000000013c                draw_font_preview
 .text.draw_checkbox
                0x00000000000001e0       0xf2 src/drawing.c.24.o
                0x00000000000001e0                draw_checkbox
 .text.handle_init
                0x00000000000002d2       0x12 src/main.c.24.o
                0x00000000000002d2                handle_init
 .text.handle_deinit
                0x00000000000002e4       0x1a src/main.c.24.o
                0x00000000000002e4                handle_deinit
 .text.startup.main
                0x00000000000002fe       0x12 src/main.c.24.o
                0x00000000000002fe                main
 .text.main_menu_window_destroy
                0x0000000000000310       0x7c src/main_menu.c.24.o
 .text.main_menu_window_appear
                0x000000000000038c       0x54 src/main_menu.c.24.o
 .text.main_menu_window_create
                0x00000000000003e0      0x138 src/main_menu.c.24.o
 .text.main_menu_layer_select
                0x0000000000000518       0x3c src/main_menu.c.24.o
 .text.init_main_menu
                0x0000000000000554       0x60 src/main_menu.c.24.o
                0x0000000000000554                init_main_menu
 .text.destroy_main_menu
                0x00000000000005b4       0x28 src/main_menu.c.24.o
                0x00000000000005b4                destroy_main_menu
 .text.process_message
                0x00000000000005dc      0x22c src/message_handler.c.24.o
 .text.message_handler_init
                0x0000000000000808       0x1c src/message_handler.c.24.o
                0x0000000000000808                message_handler_init
 .text.messaging_deinit
                0x0000000000000824        0x4 src/message_handler.c.24.o
                0x0000000000000824                messaging_deinit
 .text.setPageState
                0x0000000000000828        0xc src/message_handler.c.24.o
                0x0000000000000828                setPageState
 .text.setFavoriteStatus
                0x0000000000000834        0xc src/message_handler.c.24.o
                0x0000000000000834                setFavoriteStatus
 .text.setSortType
                0x0000000000000840        0xc src/message_handler.c.24.o
                0x0000000000000840                setSortType
 .text.get_page_titles
                0x000000000000084c       0x88 src/message_handler.c.24.o
                0x000000000000084c                get_page_titles
 .text.request_page
                0x00000000000008d4       0x40 src/message_handler.c.24.o
                0x00000000000008d4                request_page
 .text.get_page_text
                0x0000000000000914       0x40 src/message_handler.c.24.o
                0x0000000000000914                get_page_text
 .text.send_action
                0x0000000000000954       0x56 src/message_handler.c.24.o
                0x0000000000000954                send_action
 .text.bookmark_current_page
                0x00000000000009aa       0x4c src/message_handler.c.24.o
                0x00000000000009aa                bookmark_current_page
 *fill*         0x00000000000009f6        0x2 
 .text.inbox_received_callback
                0x00000000000009f8       0x14 src/messaging_core.c.24.o
 .text.inbox_dropped_callback
                0x0000000000000a0c        0x2 src/messaging_core.c.24.o
 *fill*         0x0000000000000a0e        0x2 
 .text.outbox_failed_callback
                0x0000000000000a10       0x18 src/messaging_core.c.24.o
 .text.open_messaging
                0x0000000000000a28       0x4c src/messaging_core.c.24.o
                0x0000000000000a28                open_messaging
 .text.delete_message
                0x0000000000000a74       0x38 src/messaging_core.c.24.o
 .text.send_message
                0x0000000000000aac       0xd4 src/messaging_core.c.24.o
 .text.resend_message
                0x0000000000000b80       0x10 src/messaging_core.c.24.o
 .text.outbox_sent_callback
                0x0000000000000b90       0x2c src/messaging_core.c.24.o
 .text.delete_all_messages
                0x0000000000000bbc       0x38 src/messaging_core.c.24.o
                0x0000000000000bbc                delete_all_messages
 .text.close_messaging
                0x0000000000000bf4       0x24 src/messaging_core.c.24.o
                0x0000000000000bf4                close_messaging
 .text.toggle_message_sending
                0x0000000000000c18       0x14 src/messaging_core.c.24.o
                0x0000000000000c18                toggle_message_sending
 .text.register_inbox_handler
                0x0000000000000c2c        0xc src/messaging_core.c.24.o
                0x0000000000000c2c                register_inbox_handler
 .text.add_message
                0x0000000000000c38       0xac src/messaging_core.c.24.o
                0x0000000000000c38                add_message
 .text.notify_window_appear
                0x0000000000000ce4       0x30 src/notify.c.24.o
                0x0000000000000ce4                notify_window_appear
 .text.notify_window_load
                0x0000000000000d14      0x13c src/notify.c.24.o
                0x0000000000000d14                notify_window_load
 .text.notify_window_disappear
                0x0000000000000e50       0x34 src/notify.c.24.o
                0x0000000000000e50                notify_window_disappear
 .text.hide_notification
                0x0000000000000e84       0x7c src/notify.c.24.o
                0x0000000000000e84                hide_notification
 .text.notify_window_unload
                0x0000000000000f00       0x78 src/notify.c.24.o
                0x0000000000000f00                notify_window_unload
 .text.notify_window_timeout
                0x0000000000000f78       0x48 src/notify.c.24.o
                0x0000000000000f78                notify_window_timeout
 .text.show_notification
                0x0000000000000fc0       0xc0 src/notify.c.24.o
                0x0000000000000fc0                show_notification
 .text.closeText
                0x0000000000001080       0x24 src/notify.c.24.o
                0x0000000000001080                closeText
 .text.closeList
                0x00000000000010a4       0x28 src/notify.c.24.o
                0x00000000000010a4                closeList
 .text.closeApp
                0x00000000000010cc       0x24 src/notify.c.24.o
                0x00000000000010cc                closeApp
 .text.getOptionsIndex
                0x00000000000010f0       0x48 src/options.c.24.o
 .text.get_color_from_index
                0x0000000000001138       0x26 src/options.c.24.o
 *fill*         0x000000000000115e        0x2 
 .text.getNumRows
                0x0000000000001160       0x24 src/options.c.24.o
 .text.getCellText
                0x0000000000001184       0x5c src/options.c.24.o
 .text.cellHasImage
                0x00000000000011e0       0x20 src/options.c.24.o
 .text.open_submenu
                0x0000000000001200       0x84 src/options.c.24.o
 .text.selectionWillChange
                0x0000000000001284       0x48 src/options.c.24.o
 .text.submenu_window_disappear
                0x00000000000012cc       0x64 src/options.c.24.o
 .text.init_options
                0x0000000000001330       0xf8 src/options.c.24.o
                0x0000000000001330                init_options
 .text.destroy_options
                0x0000000000001428       0xbc src/options.c.24.o
                0x0000000000001428                destroy_options
 .text.open_options_menu
                0x00000000000014e4       0x6c src/options.c.24.o
                0x00000000000014e4                open_options_menu
 .text.getStatusBar
                0x0000000000001550        0x4 src/options.c.24.o
                0x0000000000001550                getStatusBar
 .text.getMenuFont
                0x0000000000001554       0x30 src/options.c.24.o
                0x0000000000001554                getMenuFont
 .text.getImageSize.part.9
                0x0000000000001584       0x8c src/options.c.24.o
 .text.getCellTextSize
                0x0000000000001610       0x98 src/options.c.24.o
 .text.getCellHeight
                0x00000000000016a8       0x80 src/options.c.24.o
 .text.drawRow  0x0000000000001728      0x274 src/options.c.24.o
 .text.getTitleFont
                0x000000000000199c       0x30 src/options.c.24.o
                0x000000000000199c                getTitleFont
 .text.getPageFont
                0x00000000000019cc       0x30 src/options.c.24.o
                0x00000000000019cc                getPageFont
 .text.getBGColor
                0x00000000000019fc       0x20 src/options.c.24.o
                0x00000000000019fc                getBGColor
 .text.menu_window_appear
                0x0000000000001a1c       0x60 src/options.c.24.o
 .text.getTextColor
                0x0000000000001a7c       0x20 src/options.c.24.o
                0x0000000000001a7c                getTextColor
 .text.getSelectedBGColor
                0x0000000000001a9c       0x20 src/options.c.24.o
                0x0000000000001a9c                getSelectedBGColor
 .text.getSelectedTextColor
                0x0000000000001abc       0x20 src/options.c.24.o
                0x0000000000001abc                getSelectedTextColor
 .text.options_window_create
                0x0000000000001adc      0x160 src/options.c.24.o
 .text.selectClick
                0x0000000000001c3c      0x1ac src/options.c.24.o
 .text.getPagingEnabled
                0x0000000000001de8       0x20 src/options.c.24.o
                0x0000000000001de8                getPagingEnabled
 .text.getTitleIndex
                0x0000000000001e08       0x20 src/page_menu.c.24.o
 .text.getCellText
                0x0000000000001e28       0x54 src/page_menu.c.24.o
 .text.getNumRows
                0x0000000000001e7c       0x10 src/page_menu.c.24.o
 .text.selectionWillChange
                0x0000000000001e8c        0x6 src/page_menu.c.24.o
 *fill*         0x0000000000001e92        0x2 
 .text.getCellHeight
                0x0000000000001e94       0x70 src/page_menu.c.24.o
 .text.handle_window_unload
                0x0000000000001f04       0xa0 src/page_menu.c.24.o
 .text.handle_window_load
                0x0000000000001fa4       0x3c src/page_menu.c.24.o
 .text.selectClick
                0x0000000000001fe0       0xf0 src/page_menu.c.24.o
 .text.drawRow  0x00000000000020d0      0x118 src/page_menu.c.24.o
 .text.handle_window_disappear
                0x00000000000021e8       0x38 src/page_menu.c.24.o
 .text.destroy_page_menu
                0x0000000000002220       0x54 src/page_menu.c.24.o
                0x0000000000002220                destroy_page_menu
 .text.requestInitialTitles
                0x0000000000002274       0x88 src/page_menu.c.24.o
                0x0000000000002274                requestInitialTitles
 .text.init_page_menu
                0x00000000000022fc      0x1f0 src/page_menu.c.24.o
                0x00000000000022fc                init_page_menu
 .text.update_titles
                0x00000000000024ec      0x3a0 src/page_menu.c.24.o
                0x00000000000024ec                update_titles
 .text.menuClosed
                0x000000000000288c        0x2 src/page_view.c.24.o
 *fill*         0x000000000000288e        0x2 
 .text.getScrollLayerHeight
                0x0000000000002890       0x20 src/page_view.c.24.o
 .text.handle_window_unload
                0x00000000000028b0       0x68 src/page_view.c.24.o
 .text.handle_window_load
                0x0000000000002918       0xec src/page_view.c.24.o
 .text.click_config_provider
                0x0000000000002a04       0x10 src/page_view.c.24.o
 .text.down_single_click_handler
                0x0000000000002a14      0x108 src/page_view.c.24.o
 .text.menuAction
                0x0000000000002b1c       0x80 src/page_view.c.24.o
 .text.init_page
                0x0000000000002b9c       0x44 src/page_view.c.24.o
                0x0000000000002b9c                init_page
 .text.unload_page
                0x0000000000002be0       0x20 src/page_view.c.24.o
                0x0000000000002be0                unload_page
 .text.menuClosing
                0x0000000000002c00       0x2c src/page_view.c.24.o
 .text.getNearestPageBoundary
                0x0000000000002c2c       0x40 src/page_view.c.24.o
                0x0000000000002c2c                getNearestPageBoundary
 .text.scroll_to_bookmark
                0x0000000000002c6c       0x70 src/page_view.c.24.o
 .text.scroll_layer_update
                0x0000000000002cdc      0x240 src/page_view.c.24.o
 .text.load_page_text
                0x0000000000002f1c       0xf0 src/page_view.c.24.o
                0x0000000000002f1c                load_page_text
 .text.getLastSubpage
                0x000000000000300c       0x18 src/subpage.c.24.o
 .text.subpage_pop_front
                0x0000000000003024       0x14 src/subpage.c.24.o
 .text.subpage_destroy
                0x0000000000003038       0x22 src/subpage.c.24.o
 .text.resize_textLayer_to_content
                0x000000000000305a       0x64 src/subpage.c.24.o
 *fill*         0x00000000000030be        0x2 
 .text.subpage_add_first
                0x00000000000030c0       0x34 src/subpage.c.24.o
 .text.subpage_create
                0x00000000000030f4       0x74 src/subpage.c.24.o
 .text.bookmark_from_offset
                0x0000000000003168       0x94 src/subpage.c.24.o
                0x0000000000003168                bookmark_from_offset
 .text.bookmark_from_parent_offset
                0x00000000000031fc       0x30 src/subpage.c.24.o
                0x00000000000031fc                bookmark_from_parent_offset
 .text.offset_from_bookmark
                0x000000000000322c       0x80 src/subpage.c.24.o
                0x000000000000322c                offset_from_bookmark
 .text.subpage_destroy_all
                0x00000000000032ac       0x1c src/subpage.c.24.o
                0x00000000000032ac                subpage_destroy_all
 .text.subpage_set_parent
                0x00000000000032c8       0x1c src/subpage.c.24.o
                0x00000000000032c8                subpage_set_parent
 .text.get_text_top
                0x00000000000032e4       0x24 src/subpage.c.24.o
                0x00000000000032e4                get_text_top
 .text.subpage_translate_all
                0x0000000000003308       0x48 src/subpage.c.24.o
                0x0000000000003308                subpage_translate_all
 .text.get_text_bottom
                0x0000000000003350       0x2c src/subpage.c.24.o
                0x0000000000003350                get_text_bottom
 .text.first_page_index
                0x000000000000337c       0x10 src/subpage.c.24.o
                0x000000000000337c                first_page_index
 .text.last_page_index
                0x000000000000338c       0x18 src/subpage.c.24.o
                0x000000000000338c                last_page_index
 .text.subpage_init
                0x00000000000033a4      0x1d4 src/subpage.c.24.o
                0x00000000000033a4                subpage_init
 .text.malloc_strncpy
                0x0000000000003578       0x32 src/util.c.24.o
                0x0000000000003578                malloc_strncpy
 .text.malloc_strcpy
                0x00000000000035aa       0x1a src/util.c.24.o
                0x00000000000035aa                malloc_strcpy
 .text.malloc_set_text
                0x00000000000035c4       0x36 src/util.c.24.o
                0x00000000000035c4                malloc_set_text
 *fill*         0x00000000000035fa        0x2 
 .text.app_event_loop
                0x00000000000035fc        0xc /home/anthony/.pebble-sdk/SDKs/current/sdk-core/pebble/aplite/lib/libpebble.a(tmp8J753Spebble.o)
                0x00000000000035fc                app_event_loop
 .text.app_log  0x0000000000003608        0xc /home/anthony/.pebble-sdk/SDKs/current/sdk-core/pebble/aplite/lib/libpebble.a(tmp8J753Spebble.o)
                0x0000000000003608                app_log
 .text.app_message_deregister_callbacks
                0x0000000000003614        0xc /home/anthony/.pebble-sdk/SDKs/current/sdk-core/pebble/aplite/lib/libpebble.a(tmp8J753Spebble.o)
                0x0000000000003614                app_message_deregister_callbacks
 .text.app_message_open
                0x0000000000003620        0xc /home/anthony/.pebble-sdk/SDKs/current/sdk-core/pebble/aplite/lib/libpebble.a(tmp8J753Spebble.o)
                0x0000000000003620                app_message_open
 .text.app_timer_cancel
                0x000000000000362c        0xc /home/anthony/.pebble-sdk/SDKs/current/sdk-core/pebble/aplite/lib/libpebble.a(tmp8J753Spebble.o)
                0x000000000000362c                app_timer_cancel
 .text.app_timer_register
                0x0000000000003638        0xc /home/anthony/.pebble-sdk/SDKs/current/sdk-core/pebble/aplite/lib/libpebble.a(tmp8J753Spebble.o)
                0x0000000000003638                app_timer_register
 .text.app_timer_reschedule
                0x0000000000003644        0xc /home/anthony/.pebble-sdk/SDKs/current/sdk-core/pebble/aplite/lib/libpebble.a(tmp8J753Spebble.o)
                0x0000000000003644                app_timer_reschedule
 .text.dict_find
                0x0000000000003650        0xc /home/anthony/.pebble-sdk/SDKs/current/sdk-core/pebble/aplite/lib/libpebble.a(tmp8J753Spebble.o)
                0x0000000000003650                dict_find
 .text.dict_read_begin_from_buffer
                0x000000000000365c        0xc /home/anthony/.pebble-sdk/SDKs/current/sdk-core/pebble/aplite/lib/libpebble.a(tmp8J753Spebble.o)
                0x000000000000365c                dict_read_begin_from_buffer
 .text.dict_read_next
                0x0000000000003668        0xc /home/anthony/.pebble-sdk/SDKs/current/sdk-core/pebble/aplite/lib/libpebble.a(tmp8J753Spebble.o)
                0x0000000000003668                dict_read_next
 .text.dict_write_begin
                0x0000000000003674        0xc /home/anthony/.pebble-sdk/SDKs/current/sdk-core/pebble/aplite/lib/libpebble.a(tmp8J753Spebble.o)
                0x0000000000003674                dict_write_begin
 .text.dict_write_cstring
                0x0000000000003680        0xc /home/anthony/.pebble-sdk/SDKs/current/sdk-core/pebble/aplite/lib/libpebble.a(tmp8J753Spebble.o)
                0x0000000000003680                dict_write_cstring
 .text.dict_write_data
                0x000000000000368c        0xc /home/anthony/.pebble-sdk/SDKs/current/sdk-core/pebble/aplite/lib/libpebble.a(tmp8J753Spebble.o)
                0x000000000000368c                dict_write_data
 .text.dict_write_end
                0x0000000000003698        0xc /home/anthony/.pebble-sdk/SDKs/current/sdk-core/pebble/aplite/lib/libpebble.a(tmp8J753Spebble.o)
                0x0000000000003698                dict_write_end
 .text.dict_write_int
                0x00000000000036a4        0xc /home/anthony/.pebble-sdk/SDKs/current/sdk-core/pebble/aplite/lib/libpebble.a(tmp8J753Spebble.o)
                0x00000000000036a4                dict_write_int
 .text.dict_write_int16
                0x00000000000036b0        0xc /home/anthony/.pebble-sdk/SDKs/current/sdk-core/pebble/aplite/lib/libpebble.a(tmp8J753Spebble.o)
                0x00000000000036b0                dict_write_int16
 .text.dict_write_int8
                0x00000000000036bc        0xc /home/anthony/.pebble-sdk/SDKs/current/sdk-core/pebble/aplite/lib/libpebble.a(tmp8J753Spebble.o)
                0x00000000000036bc                dict_write_int8
 .text.fonts_get_system_font
                0x00000000000036c8        0xc /home/anthony/.pebble-sdk/SDKs/current/sdk-core/pebble/aplite/lib/libpebble.a(tmp8J753Spebble.o)
                0x00000000000036c8                fonts_get_system_font
 .text.free     0x00000000000036d4        0xc /home/anthony/.pebble-sdk/SDKs/current/sdk-core/pebble/aplite/lib/libpebble.a(tmp8J753Spebble.o)
                0x00000000000036d4                free
 .text.gbitmap_create_with_resource
                0x00000000000036e0        0xc /home/anthony/.pebble-sdk/SDKs/current/sdk-core/pebble/aplite/lib/libpebble.a(tmp8J753Spebble.o)
                0x00000000000036e0                gbitmap_create_with_resource
 .text.gbitmap_destroy
                0x00000000000036ec        0xc /home/anthony/.pebble-sdk/SDKs/current/sdk-core/pebble/aplite/lib/libpebble.a(tmp8J753Spebble.o)
                0x00000000000036ec                gbitmap_destroy
 .text.graphics_draw_line
                0x00000000000036f8        0xc /home/anthony/.pebble-sdk/SDKs/current/sdk-core/pebble/aplite/lib/libpebble.a(tmp8J753Spebble.o)
                0x00000000000036f8                graphics_draw_line
 .text.graphics_draw_rect
                0x0000000000003704        0xc /home/anthony/.pebble-sdk/SDKs/current/sdk-core/pebble/aplite/lib/libpebble.a(tmp8J753Spebble.o)
                0x0000000000003704                graphics_draw_rect
 .text.graphics_fill_rect
                0x0000000000003710        0xc /home/anthony/.pebble-sdk/SDKs/current/sdk-core/pebble/aplite/lib/libpebble.a(tmp8J753Spebble.o)
                0x0000000000003710                graphics_fill_rect
 .text.layer_add_child
                0x000000000000371c        0xc /home/anthony/.pebble-sdk/SDKs/current/sdk-core/pebble/aplite/lib/libpebble.a(tmp8J753Spebble.o)
                0x000000000000371c                layer_add_child
 .text.layer_get_bounds
                0x0000000000003728        0xc /home/anthony/.pebble-sdk/SDKs/current/sdk-core/pebble/aplite/lib/libpebble.a(tmp8J753Spebble.o)
                0x0000000000003728                layer_get_bounds
 .text.layer_get_frame
                0x0000000000003734        0xc /home/anthony/.pebble-sdk/SDKs/current/sdk-core/pebble/aplite/lib/libpebble.a(tmp8J753Spebble.o)
                0x0000000000003734                layer_get_frame
 .text.layer_set_frame
                0x0000000000003740        0xc /home/anthony/.pebble-sdk/SDKs/current/sdk-core/pebble/aplite/lib/libpebble.a(tmp8J753Spebble.o)
                0x0000000000003740                layer_set_frame
 .text.malloc   0x000000000000374c        0xc /home/anthony/.pebble-sdk/SDKs/current/sdk-core/pebble/aplite/lib/libpebble.a(tmp8J753Spebble.o)
                0x000000000000374c                malloc
 .text.memcpy   0x0000000000003758        0xc /home/anthony/.pebble-sdk/SDKs/current/sdk-core/pebble/aplite/lib/libpebble.a(tmp8J753Spebble.o)
                0x0000000000003758                memcpy
 .text.memset   0x0000000000003764        0xc /home/anthony/.pebble-sdk/SDKs/current/sdk-core/pebble/aplite/lib/libpebble.a(tmp8J753Spebble.o)
                0x0000000000003764                memset
 .text.menu_layer_destroy
                0x0000000000003770        0xc /home/anthony/.pebble-sdk/SDKs/current/sdk-core/pebble/aplite/lib/libpebble.a(tmp8J753Spebble.o)
                0x0000000000003770                menu_layer_destroy
 .text.menu_layer_get_layer
                0x000000000000377c        0xc /home/anthony/.pebble-sdk/SDKs/current/sdk-core/pebble/aplite/lib/libpebble.a(tmp8J753Spebble.o)
                0x000000000000377c                menu_layer_get_layer
 .text.menu_layer_get_selected_index
                0x0000000000003788        0xc /home/anthony/.pebble-sdk/SDKs/current/sdk-core/pebble/aplite/lib/libpebble.a(tmp8J753Spebble.o)
                0x0000000000003788                menu_layer_get_selected_index
 .text.menu_layer_reload_data
                0x0000000000003794        0xc /home/anthony/.pebble-sdk/SDKs/current/sdk-core/pebble/aplite/lib/libpebble.a(tmp8J753Spebble.o)
                0x0000000000003794                menu_layer_reload_data
 .text.menu_layer_set_click_config_onto_window
                0x00000000000037a0        0xc /home/anthony/.pebble-sdk/SDKs/current/sdk-core/pebble/aplite/lib/libpebble.a(tmp8J753Spebble.o)
                0x00000000000037a0                menu_layer_set_click_config_onto_window
 .text.menu_layer_set_selected_index
                0x00000000000037ac        0xc /home/anthony/.pebble-sdk/SDKs/current/sdk-core/pebble/aplite/lib/libpebble.a(tmp8J753Spebble.o)
                0x00000000000037ac                menu_layer_set_selected_index
 .text.persist_exists
                0x00000000000037b8        0xc /home/anthony/.pebble-sdk/SDKs/current/sdk-core/pebble/aplite/lib/libpebble.a(tmp8J753Spebble.o)
                0x00000000000037b8                persist_exists
 .text.persist_read_bool
                0x00000000000037c4        0xc /home/anthony/.pebble-sdk/SDKs/current/sdk-core/pebble/aplite/lib/libpebble.a(tmp8J753Spebble.o)
                0x00000000000037c4                persist_read_bool
 .text.persist_read_int
                0x00000000000037d0        0xc /home/anthony/.pebble-sdk/SDKs/current/sdk-core/pebble/aplite/lib/libpebble.a(tmp8J753Spebble.o)
                0x00000000000037d0                persist_read_int
 .text.persist_write_bool
                0x00000000000037dc        0xc /home/anthony/.pebble-sdk/SDKs/current/sdk-core/pebble/aplite/lib/libpebble.a(tmp8J753Spebble.o)
                0x00000000000037dc                persist_write_bool
 .text.persist_write_int
                0x00000000000037e8        0xc /home/anthony/.pebble-sdk/SDKs/current/sdk-core/pebble/aplite/lib/libpebble.a(tmp8J753Spebble.o)
                0x00000000000037e8                persist_write_int
 .text.scroll_layer_add_child
                0x00000000000037f4        0xc /home/anthony/.pebble-sdk/SDKs/current/sdk-core/pebble/aplite/lib/libpebble.a(tmp8J753Spebble.o)
                0x00000000000037f4                scroll_layer_add_child
 .text.scroll_layer_create
                0x0000000000003800        0xc /home/anthony/.pebble-sdk/SDKs/current/sdk-core/pebble/aplite/lib/libpebble.a(tmp8J753Spebble.o)
                0x0000000000003800                scroll_layer_create
 .text.scroll_layer_destroy
                0x000000000000380c        0xc /home/anthony/.pebble-sdk/SDKs/current/sdk-core/pebble/aplite/lib/libpebble.a(tmp8J753Spebble.o)
                0x000000000000380c                scroll_layer_destroy
 .text.scroll_layer_get_content_offset
                0x0000000000003818        0xc /home/anthony/.pebble-sdk/SDKs/current/sdk-core/pebble/aplite/lib/libpebble.a(tmp8J753Spebble.o)
                0x0000000000003818                scroll_layer_get_content_offset
 .text.scroll_layer_get_layer
                0x0000000000003824        0xc /home/anthony/.pebble-sdk/SDKs/current/sdk-core/pebble/aplite/lib/libpebble.a(tmp8J753Spebble.o)
                0x0000000000003824                scroll_layer_get_layer
 .text.scroll_layer_set_callbacks
                0x0000000000003830        0xc /home/anthony/.pebble-sdk/SDKs/current/sdk-core/pebble/aplite/lib/libpebble.a(tmp8J753Spebble.o)
                0x0000000000003830                scroll_layer_set_callbacks
 .text.scroll_layer_set_click_config_onto_window
                0x000000000000383c        0xc /home/anthony/.pebble-sdk/SDKs/current/sdk-core/pebble/aplite/lib/libpebble.a(tmp8J753Spebble.o)
                0x000000000000383c                scroll_layer_set_click_config_onto_window
 .text.scroll_layer_set_content_offset
                0x0000000000003848        0xc /home/anthony/.pebble-sdk/SDKs/current/sdk-core/pebble/aplite/lib/libpebble.a(tmp8J753Spebble.o)
                0x0000000000003848                scroll_layer_set_content_offset
 .text.scroll_layer_set_content_size
                0x0000000000003854        0xc /home/anthony/.pebble-sdk/SDKs/current/sdk-core/pebble/aplite/lib/libpebble.a(tmp8J753Spebble.o)
                0x0000000000003854                scroll_layer_set_content_size
 .text.simple_menu_layer_create
                0x0000000000003860        0xc /home/anthony/.pebble-sdk/SDKs/current/sdk-core/pebble/aplite/lib/libpebble.a(tmp8J753Spebble.o)
                0x0000000000003860                simple_menu_layer_create
 .text.simple_menu_layer_destroy
                0x000000000000386c        0xc /home/anthony/.pebble-sdk/SDKs/current/sdk-core/pebble/aplite/lib/libpebble.a(tmp8J753Spebble.o)
                0x000000000000386c                simple_menu_layer_destroy
 .text.simple_menu_layer_get_layer
                0x0000000000003878        0xc /home/anthony/.pebble-sdk/SDKs/current/sdk-core/pebble/aplite/lib/libpebble.a(tmp8J753Spebble.o)
                0x0000000000003878                simple_menu_layer_get_layer
 .text.strcpy   0x0000000000003884        0xc /home/anthony/.pebble-sdk/SDKs/current/sdk-core/pebble/aplite/lib/libpebble.a(tmp8J753Spebble.o)
                0x0000000000003884                strcpy
 .text.strlen   0x0000000000003890        0xc /home/anthony/.pebble-sdk/SDKs/current/sdk-core/pebble/aplite/lib/libpebble.a(tmp8J753Spebble.o)
                0x0000000000003890                strlen
 .text.strncpy  0x000000000000389c        0xc /home/anthony/.pebble-sdk/SDKs/current/sdk-core/pebble/aplite/lib/libpebble.a(tmp8J753Spebble.o)
                0x000000000000389c                strncpy
 .text.window_create
                0x00000000000038a8        0xc /home/anthony/.pebble-sdk/SDKs/current/sdk-core/pebble/aplite/lib/libpebble.a(tmp8J753Spebble.o)
                0x00000000000038a8                window_create
 .text.window_destroy
                0x00000000000038b4        0xc /home/anthony/.pebble-sdk/SDKs/current/sdk-core/pebble/aplite/lib/libpebble.a(tmp8J753Spebble.o)
                0x00000000000038b4                window_destroy
 .text.window_get_root_layer
                0x00000000000038c0        0xc /home/anthony/.pebble-sdk/SDKs/current/sdk-core/pebble/aplite/lib/libpebble.a(tmp8J753Spebble.o)
                0x00000000000038c0                window_get_root_layer
 .text.window_set_window_handlers
                0x00000000000038cc        0xc /home/anthony/.pebble-sdk/SDKs/current/sdk-core/pebble/aplite/lib/libpebble.a(tmp8J753Spebble.o)
                0x00000000000038cc                window_set_window_handlers
 .text.window_stack_contains_window
                0x00000000000038d8        0xc /home/anthony/.pebble-sdk/SDKs/current/sdk-core/pebble/aplite/lib/libpebble.a(tmp8J753Spebble.o)
                0x00000000000038d8                window_stack_contains_window
 .text.window_stack_pop
                0x00000000000038e4        0xc /home/anthony/.pebble-sdk/SDKs/current/sdk-core/pebble/aplite/lib/libpebble.a(tmp8J753Spebble.o)
                0x00000000000038e4                window_stack_pop
 .text.window_stack_pop_all
                0x00000000000038f0        0xc /home/anthony/.pebble-sdk/SDKs/current/sdk-core/pebble/aplite/lib/libpebble.a(tmp8J753Spebble.o)
                0x00000000000038f0                window_stack_pop_all
 .text.window_stack_push
                0x00000000000038fc        0xc /home/anthony/.pebble-sdk/SDKs/current/sdk-core/pebble/aplite/lib/libpebble.a(tmp8J753Spebble.o)
                0x00000000000038fc                window_stack_push
 .text.window_stack_remove
                0x0000000000003908        0xc /home/anthony/.pebble-sdk/SDKs/current/sdk-core/pebble/aplite/lib/libpebble.a(tmp8J753Spebble.o)
                0x0000000000003908                window_stack_remove
 .text.app_message_outbox_begin
                0x0000000000003914        0xc /home/anthony/.pebble-sdk/SDKs/current/sdk-core/pebble/aplite/lib/libpebble.a(tmp8J753Spebble.o)
                0x0000000000003914                app_message_outbox_begin
 .text.app_message_outbox_send
                0x0000000000003920        0xc /home/anthony/.pebble-sdk/SDKs/current/sdk-core/pebble/aplite/lib/libpebble.a(tmp8J753Spebble.o)
                0x0000000000003920                app_message_outbox_send
 .text.app_message_register_inbox_dropped
                0x000000000000392c        0xc /home/anthony/.pebble-sdk/SDKs/current/sdk-core/pebble/aplite/lib/libpebble.a(tmp8J753Spebble.o)
                0x000000000000392c                app_message_register_inbox_dropped
 .text.app_message_register_inbox_received
                0x0000000000003938        0xc /home/anthony/.pebble-sdk/SDKs/current/sdk-core/pebble/aplite/lib/libpebble.a(tmp8J753Spebble.o)
                0x0000000000003938                app_message_register_inbox_received
 .text.app_message_register_outbox_failed
                0x0000000000003944        0xc /home/anthony/.pebble-sdk/SDKs/current/sdk-core/pebble/aplite/lib/libpebble.a(tmp8J753Spebble.o)
                0x0000000000003944                app_message_register_outbox_failed
 .text.app_message_register_outbox_sent
                0x0000000000003950        0xc /home/anthony/.pebble-sdk/SDKs/current/sdk-core/pebble/aplite/lib/libpebble.a(tmp8J753Spebble.o)
                0x0000000000003950                app_message_register_outbox_sent
 .text.window_single_click_subscribe
                0x000000000000395c        0xc /home/anthony/.pebble-sdk/SDKs/current/sdk-core/pebble/aplite/lib/libpebble.a(tmp8J753Spebble.o)
                0x000000000000395c                window_single_click_subscribe
 .text.graphics_draw_text
                0x0000000000003968        0xc /home/anthony/.pebble-sdk/SDKs/current/sdk-core/pebble/aplite/lib/libpebble.a(tmp8J753Spebble.o)
                0x0000000000003968                graphics_draw_text
 .text.simple_menu_layer_get_menu_layer
                0x0000000000003974        0xc /home/anthony/.pebble-sdk/SDKs/current/sdk-core/pebble/aplite/lib/libpebble.a(tmp8J753Spebble.o)
                0x0000000000003974                simple_menu_layer_get_menu_layer
 .text.heap_bytes_free
                0x0000000000003980        0xc /home/anthony/.pebble-sdk/SDKs/current/sdk-core/pebble/aplite/lib/libpebble.a(tmp8J753Spebble.o)
                0x0000000000003980                heap_bytes_free
 .text.heap_bytes_used
                0x000000000000398c        0xc /home/anthony/.pebble-sdk/SDKs/current/sdk-core/pebble/aplite/lib/libpebble.a(tmp8J753Spebble.o)
                0x000000000000398c                heap_bytes_used
 .text.gcolor_equal
                0x0000000000003998        0xc /home/anthony/.pebble-sdk/SDKs/current/sdk-core/pebble/aplite/lib/libpebble.a(tmp8J753Spebble.o)
                0x0000000000003998                gcolor_equal
 .text.graphics_context_set_fill_color
                0x00000000000039a4        0xc /home/anthony/.pebble-sdk/SDKs/current/sdk-core/pebble/aplite/lib/libpebble.a(tmp8J753Spebble.o)
                0x00000000000039a4                graphics_context_set_fill_color
 .text.graphics_context_set_stroke_color
                0x00000000000039b0        0xc /home/anthony/.pebble-sdk/SDKs/current/sdk-core/pebble/aplite/lib/libpebble.a(tmp8J753Spebble.o)
                0x00000000000039b0                graphics_context_set_stroke_color
 .text.graphics_context_set_text_color
                0x00000000000039bc        0xc /home/anthony/.pebble-sdk/SDKs/current/sdk-core/pebble/aplite/lib/libpebble.a(tmp8J753Spebble.o)
                0x00000000000039bc                graphics_context_set_text_color
 .text.window_set_background_color
                0x00000000000039c8        0xc /home/anthony/.pebble-sdk/SDKs/current/sdk-core/pebble/aplite/lib/libpebble.a(tmp8J753Spebble.o)
                0x00000000000039c8                window_set_background_color
 .text.menu_layer_create
                0x00000000000039d4        0xc /home/anthony/.pebble-sdk/SDKs/current/sdk-core/pebble/aplite/lib/libpebble.a(tmp8J753Spebble.o)
                0x00000000000039d4                menu_layer_create
 .text.graphics_context_set_stroke_width
                0x00000000000039e0        0xc /home/anthony/.pebble-sdk/SDKs/current/sdk-core/pebble/aplite/lib/libpebble.a(tmp8J753Spebble.o)
                0x00000000000039e0                graphics_context_set_stroke_width
 .text.text_layer_create
                0x00000000000039ec        0xc /home/anthony/.pebble-sdk/SDKs/current/sdk-core/pebble/aplite/lib/libpebble.a(tmp8J753Spebble.o)
                0x00000000000039ec                text_layer_create
 .text.text_layer_destroy
                0x00000000000039f8        0xc /home/anthony/.pebble-sdk/SDKs/current/sdk-core/pebble/aplite/lib/libpebble.a(tmp8J753Spebble.o)
                0x00000000000039f8                text_layer_destroy
 .text.text_layer_get_content_size
                0x0000000000003a04        0xc /home/anthony/.pebble-sdk/SDKs/current/sdk-core/pebble/aplite/lib/libpebble.a(tmp8J753Spebble.o)
                0x0000000000003a04                text_layer_get_content_size
 .text.text_layer_get_layer
                0x0000000000003a10        0xc /home/anthony/.pebble-sdk/SDKs/current/sdk-core/pebble/aplite/lib/libpebble.a(tmp8J753Spebble.o)
                0x0000000000003a10                text_layer_get_layer
 .text.text_layer_set_background_color
                0x0000000000003a1c        0xc /home/anthony/.pebble-sdk/SDKs/current/sdk-core/pebble/aplite/lib/libpebble.a(tmp8J753Spebble.o)
                0x0000000000003a1c                text_layer_set_background_color
 .text.text_layer_set_font
                0x0000000000003a28        0xc /home/anthony/.pebble-sdk/SDKs/current/sdk-core/pebble/aplite/lib/libpebble.a(tmp8J753Spebble.o)
                0x0000000000003a28                text_layer_set_font
 .text.text_layer_set_size
                0x0000000000003a34        0xc /home/anthony/.pebble-sdk/SDKs/current/sdk-core/pebble/aplite/lib/libpebble.a(tmp8J753Spebble.o)
                0x0000000000003a34                text_layer_set_size
 .text.text_layer_set_text
                0x0000000000003a40        0xc /home/anthony/.pebble-sdk/SDKs/current/sdk-core/pebble/aplite/lib/libpebble.a(tmp8J753Spebble.o)
                0x0000000000003a40                text_layer_set_text
 .text.text_layer_set_text_alignment
                0x0000000000003a4c        0xc /home/anthony/.pebble-sdk/SDKs/current/sdk-core/pebble/aplite/lib/libpebble.a(tmp8J753Spebble.o)
                0x0000000000003a4c                text_layer_set_text_alignment
 .text.text_layer_set_text_color
                0x0000000000003a58        0xc /home/anthony/.pebble-sdk/SDKs/current/sdk-core/pebble/aplite/lib/libpebble.a(tmp8J753Spebble.o)
                0x0000000000003a58                text_layer_set_text_color
 .text.menu_layer_set_highlight_colors
                0x0000000000003a64        0xc /home/anthony/.pebble-sdk/SDKs/current/sdk-core/pebble/aplite/lib/libpebble.a(tmp8J753Spebble.o)
                0x0000000000003a64                menu_layer_set_highlight_colors
 .text.menu_layer_set_normal_colors
                0x0000000000003a70        0xc /home/anthony/.pebble-sdk/SDKs/current/sdk-core/pebble/aplite/lib/libpebble.a(tmp8J753Spebble.o)
                0x0000000000003a70                menu_layer_set_normal_colors
 .text.menu_layer_set_callbacks
                0x0000000000003a7c        0xc /home/anthony/.pebble-sdk/SDKs/current/sdk-core/pebble/aplite/lib/libpebble.a(tmp8J753Spebble.o)
                0x0000000000003a7c                menu_layer_set_callbacks
 .text.status_bar_layer_create
                0x0000000000003a88        0xc /home/anthony/.pebble-sdk/SDKs/current/sdk-core/pebble/aplite/lib/libpebble.a(tmp8J753Spebble.o)
                0x0000000000003a88                status_bar_layer_create
 .text.status_bar_layer_destroy
                0x0000000000003a94        0xc /home/anthony/.pebble-sdk/SDKs/current/sdk-core/pebble/aplite/lib/libpebble.a(tmp8J753Spebble.o)
                0x0000000000003a94                status_bar_layer_destroy
 .text.status_bar_layer_get_layer
                0x0000000000003aa0        0xc /home/anthony/.pebble-sdk/SDKs/current/sdk-core/pebble/aplite/lib/libpebble.a(tmp8J753Spebble.o)
                0x0000000000003aa0                status_bar_layer_get_layer
 .text.gcolor_legible_over
                0x0000000000003aac        0xc /home/anthony/.pebble-sdk/SDKs/current/sdk-core/pebble/aplite/lib/libpebble.a(tmp8J753Spebble.o)
                0x0000000000003aac                gcolor_legible_over
 .text.action_menu_close
                0x0000000000003ab8        0xc /home/anthony/.pebble-sdk/SDKs/current/sdk-core/pebble/aplite/lib/libpebble.a(tmp8J753Spebble.o)
                0x0000000000003ab8                action_menu_close
 .text.action_menu_level_add_action
                0x0000000000003ac4        0xc /home/anthony/.pebble-sdk/SDKs/current/sdk-core/pebble/aplite/lib/libpebble.a(tmp8J753Spebble.o)
                0x0000000000003ac4                action_menu_level_add_action
 .text.action_menu_level_create
                0x0000000000003ad0        0xc /home/anthony/.pebble-sdk/SDKs/current/sdk-core/pebble/aplite/lib/libpebble.a(tmp8J753Spebble.o)
                0x0000000000003ad0                action_menu_level_create
 .text.action_menu_open
                0x0000000000003adc        0xc /home/anthony/.pebble-sdk/SDKs/current/sdk-core/pebble/aplite/lib/libpebble.a(tmp8J753Spebble.o)
                0x0000000000003adc                action_menu_open
 .text.action_menu_set_result_window
                0x0000000000003ae8        0xc /home/anthony/.pebble-sdk/SDKs/current/sdk-core/pebble/aplite/lib/libpebble.a(tmp8J753Spebble.o)
                0x0000000000003ae8                action_menu_set_result_window
 .text.connection_service_peek_pebble_app_connection
                0x0000000000003af4        0xc /home/anthony/.pebble-sdk/SDKs/current/sdk-core/pebble/aplite/lib/libpebble.a(tmp8J753Spebble.o)
                0x0000000000003af4                connection_service_peek_pebble_app_connection
 .text.graphics_text_attributes_create
                0x0000000000003b00        0xc /home/anthony/.pebble-sdk/SDKs/current/sdk-core/pebble/aplite/lib/libpebble.a(tmp8J753Spebble.o)
                0x0000000000003b00                graphics_text_attributes_create
 .text.graphics_text_attributes_destroy
                0x0000000000003b0c        0xc /home/anthony/.pebble-sdk/SDKs/current/sdk-core/pebble/aplite/lib/libpebble.a(tmp8J753Spebble.o)
                0x0000000000003b0c                graphics_text_attributes_destroy
 .text.graphics_text_attributes_enable_screen_text_flow
                0x0000000000003b18        0xc /home/anthony/.pebble-sdk/SDKs/current/sdk-core/pebble/aplite/lib/libpebble.a(tmp8J753Spebble.o)
                0x0000000000003b18                graphics_text_attributes_enable_screen_text_flow
 .text.graphics_text_layout_get_content_size_with_attributes
                0x0000000000003b24        0xc /home/anthony/.pebble-sdk/SDKs/current/sdk-core/pebble/aplite/lib/libpebble.a(tmp8J753Spebble.o)
                0x0000000000003b24                graphics_text_layout_get_content_size_with_attributes
 .text.scroll_layer_set_paging
                0x0000000000003b30        0xc /home/anthony/.pebble-sdk/SDKs/current/sdk-core/pebble/aplite/lib/libpebble.a(tmp8J753Spebble.o)
                0x0000000000003b30                scroll_layer_set_paging
 .text.text_layer_enable_screen_text_flow_and_paging
                0x0000000000003b3c        0xc /home/anthony/.pebble-sdk/SDKs/current/sdk-core/pebble/aplite/lib/libpebble.a(tmp8J753Spebble.o)
                0x0000000000003b3c                text_layer_enable_screen_text_flow_and_paging
 *(.rodata)
 .rodata        0x0000000000003b48        0x8 src/options.c.24.o
 .rodata        0x0000000000003b50        0x8 src/page_view.c.24.o
 .rodata        0x0000000000003b58       0x14 src/subpage.c.24.o
 *(.rodata*)
 .rodata.str1.1
                0x0000000000003b6c       0xe2 src/debug.c.24.o
 .rodata.str1.1
                0x0000000000003c4e        0x2 src/drawing.c.24.o
 .rodata.str1.1
                0x0000000000003c50       0x22 src/main_menu.c.24.o
 .rodata.str1.1
                0x0000000000003c72       0x2c src/messaging_core.c.24.o
 .rodata.str1.1
                0x0000000000003c9e      0x1de src/notify.c.24.o
 .rodata.CSWTCH.57
                0x0000000000003e7c        0x7 src/options.c.24.o
 .rodata.CSWTCH.70
                0x0000000000003e83        0x4 src/options.c.24.o
 .rodata.str1.1
                0x0000000000003e87      0x38f src/options.c.24.o
                                        0x3ac (size before relaxing)
 .rodata.str1.1
                0x0000000000004216      0x470 src/page_menu.c.24.o
 .rodata.str1.1
                0x0000000000004686       0x67 src/page_view.c.24.o
                                         0x6f (size before relaxing)

.glue_7         0x00000000000046f0        0x0
 .glue_7        0x0000000000000000        0x0 linker stubs

.glue_7t        0x00000000000046f0        0x0
 .glue_7t       0x0000000000000000        0x0 linker stubs

.vfp11_veneer   0x00000000000046f0        0x0
 .vfp11_veneer  0x0000000000000000        0x0 linker stubs

.v4_bx          0x00000000000046f0        0x0
 .v4_bx         0x0000000000000000        0x0 linker stubs

.iplt           0x00000000000046f0        0x0
 .iplt          0x0000000000000000        0x0 /home/anthony/workspace/pebble-dev/pebble-sdk-4.2-linux64/arm-cs-tools/bin/../lib/gcc/arm-none-eabi/4.7.2/thumb2/crtbegin.o

.rel.dyn        0x00000000000046f0        0x0
 .rel.iplt      0x0000000000000000        0x0 /home/anthony/workspace/pebble-dev/pebble-sdk-4.2-linux64/arm-cs-tools/bin/../lib/gcc/arm-none-eabi/4.7.2/thumb2/crtbegin.o
 .rel.got       0x0000000000000000        0x0 /home/anthony/workspace/pebble-dev/pebble-sdk-4.2-linux64/arm-cs-tools/bin/../lib/gcc/arm-none-eabi/4.7.2/thumb2/crtbegin.o

.data           0x00000000000046f0      0x154
 *(.data)
 .data          0x00000000000046f0        0x0 /home/anthony/workspace/pebble-dev/pebble-sdk-4.2-linux64/arm-cs-tools/bin/../lib/gcc/arm-none-eabi/4.7.2/thumb2/crti.o
 .data          0x00000000000046f0        0x4 /home/anthony/workspace/pebble-dev/pebble-sdk-4.2-linux64/arm-cs-tools/bin/../lib/gcc/arm-none-eabi/4.7.2/thumb2/crtbegin.o
                0x00000000000046f0                __dso_handle
 .data          0x00000000000046f4        0x0 src/debug.c.24.o
 .data          0x00000000000046f4        0x0 src/drawing.c.24.o
 .data          0x00000000000046f4        0x0 src/main.c.24.o
 .data          0x00000000000046f4        0x0 src/main_menu.c.24.o
 .data          0x00000000000046f4        0x0 src/message_handler.c.24.o
 .data          0x00000000000046f4        0x0 src/messaging_core.c.24.o
 .data          0x00000000000046f4       0x10 src/notify.c.24.o
 .data          0x0000000000004704        0x0 src/options.c.24.o
 .data          0x0000000000004704        0x0 src/page_menu.c.24.o
 .data          0x0000000000004704        0x8 src/page_view.c.24.o
 .data          0x000000000000470c        0x0 src/subpage.c.24.o
 .data          0x000000000000470c        0x0 src/util.c.24.o
 .data          0x000000000000470c        0x0 aplite/appinfo.auto.c.24.o
 .data          0x000000000000470c        0x0 /home/anthony/.pebble-sdk/SDKs/current/sdk-core/pebble/aplite/lib/libpebble.a(tmp8J753Spebble.o)
 .data          0x000000000000470c        0x0 /home/anthony/workspace/pebble-dev/pebble-sdk-4.2-linux64/arm-cs-tools/bin/../lib/gcc/arm-none-eabi/4.7.2/thumb2/crtend.o
 .data          0x000000000000470c        0x0 /home/anthony/workspace/pebble-dev/pebble-sdk-4.2-linux64/arm-cs-tools/bin/../lib/gcc/arm-none-eabi/4.7.2/thumb2/crtn.o
 *(.data.*)
 .data.rel.local.menuItems
                0x000000000000470c       0x40 src/main_menu.c.24.o
 .data.rel.local.mainSection
                0x000000000000474c        0xc src/main_menu.c.24.o
 .data.pageState
                0x0000000000004758        0x1 src/message_handler.c.24.o
                0x0000000000004758                pageState
 .data.favoriteStatus
                0x0000000000004759        0x1 src/message_handler.c.24.o
                0x0000000000004759                favoriteStatus
 .data.sendingEnabled
                0x000000000000475a        0x1 src/messaging_core.c.24.o
                0x000000000000475a                sendingEnabled
 .data.windowColor
                0x000000000000475b        0x1 src/notify.c.24.o
                0x000000000000475b                windowColor
 .data.rel.ro.local.displayOptionsText
                0x000000000000475c        0x8 src/options.c.24.o
 .data.rel.ro.local.fontOptionsText
                0x0000000000004764        0xc src/options.c.24.o
 .data.selectedFonts
                0x0000000000004770        0xc src/options.c.24.o
 .data.menuContext
                0x000000000000477c        0x4 src/options.c.24.o
 .data.rel.ro.local.mainOptionsText
                0x0000000000004780       0x10 src/options.c.24.o
 .data.rel.ro.local.colorOptionsText
                0x0000000000004790       0x10 src/options.c.24.o
 .data.rel.ro.local.fontChoicesText
                0x00000000000047a0       0x34 src/options.c.24.o
 .data.selectedColors
                0x00000000000047d4        0x4 src/options.c.24.o
                0x00000000000047d4                selectedColors
 .data.rel.ro.local.fontKeys
                0x00000000000047d8       0x34 src/options.c.24.o
 .data.rel.ro.local.sortOptionsText
                0x000000000000480c       0x10 src/options.c.24.o
 .data.targetMark
                0x000000000000481c        0x8 src/page_view.c.24.o
                0x000000000000481c                targetMark
 .data.rel.local.menuActionTitles
                0x0000000000004824       0x10 src/page_view.c.24.o
                0x0000000000004824                menuActionTitles
 .data.rel.local.altActionTitles
                0x0000000000004834       0x10 src/page_view.c.24.o
                0x0000000000004834                altActionTitles

.igot.plt       0x0000000000004844        0x0
 .igot.plt      0x0000000000000000        0x0 /home/anthony/workspace/pebble-dev/pebble-sdk-4.2-linux64/arm-cs-tools/bin/../lib/gcc/arm-none-eabi/4.7.2/thumb2/crtbegin.o

.got            0x0000000000004844       0x24
 .got           0x0000000000004844       0x24 /home/anthony/workspace/pebble-dev/pebble-sdk-4.2-linux64/arm-cs-tools/bin/../lib/gcc/arm-none-eabi/4.7.2/thumb2/crtbegin.o

.got.plt        0x0000000000004868        0xc
 .got.plt       0x0000000000004868        0xc /home/anthony/workspace/pebble-dev/pebble-sdk-4.2-linux64/arm-cs-tools/bin/../lib/gcc/arm-none-eabi/4.7.2/thumb2/crtbegin.o
                0x0000000000004868                _GLOBAL_OFFSET_TABLE_

.bss            0x0000000000004874      0x178
 *(.bss)
 *(.bss.*)
 .bss.lastMemUsed
                0x0000000000004874        0x4 src/debug.c.24.o
                0x0000000000004874                lastMemUsed
 .bss.favoriteIcon
                0x0000000000004878        0x4 src/main_menu.c.24.o
                0x0000000000004878                favoriteIcon
 .bss.mainMenu  0x000000000000487c        0x4 src/main_menu.c.24.o
 .bss.optionsIcon
                0x0000000000004880        0x4 src/main_menu.c.24.o
                0x0000000000004880                optionsIcon
 .bss.listIcon  0x0000000000004884        0x4 src/main_menu.c.24.o
                0x0000000000004884                listIcon
 .bss.statusBar
                0x0000000000004888        0x4 src/main_menu.c.24.o
 .bss.menuWindow
                0x000000000000488c        0x4 src/main_menu.c.24.o
 .bss.archiveIcon
                0x0000000000004890        0x4 src/main_menu.c.24.o
                0x0000000000004890                archiveIcon
 .bss.sortType  0x0000000000004894        0x1 src/message_handler.c.24.o
                0x0000000000004894                sortType
 .bss.init      0x0000000000004895        0x1 src/messaging_core.c.24.o
                0x0000000000004895                init
 *fill*         0x0000000000004896        0x2 
 .bss.messageStackSize
                0x0000000000004898        0x4 src/messaging_core.c.24.o
                0x0000000000004898                messageStackSize
 .bss.inbox_handler
                0x000000000000489c        0x4 src/messaging_core.c.24.o
                0x000000000000489c                inbox_handler
 .bss.resend_timer
                0x00000000000048a0        0x4 src/messaging_core.c.24.o
                0x00000000000048a0                resend_timer
 .bss.sendingMessage
                0x00000000000048a4        0x1 src/messaging_core.c.24.o
                0x00000000000048a4                sendingMessage
 *fill*         0x00000000000048a5        0x3 
 .bss.messageStack
                0x00000000000048a8        0x4 src/messaging_core.c.24.o
                0x00000000000048a8                messageStack
 .bss.notifyWindow
                0x00000000000048ac        0x4 src/notify.c.24.o
                0x00000000000048ac                notifyWindow
 .bss.timerDuration
                0x00000000000048b0        0x4 src/notify.c.24.o
                0x00000000000048b0                timerDuration
 .bss.notifyTextLayer
                0x00000000000048b4        0x4 src/notify.c.24.o
                0x00000000000048b4                notifyTextLayer
 .bss.text      0x00000000000048b8        0x4 src/notify.c.24.o
                0x00000000000048b8                text
 .bss.callbacks
                0x00000000000048bc       0x14 src/notify.c.24.o
                0x00000000000048bc                callbacks
 .bss.notifyTimer
                0x00000000000048d0        0x4 src/notify.c.24.o
                0x00000000000048d0                notifyTimer
 .bss.optionsInitialized
                0x00000000000048d4        0x1 src/options.c.24.o
 .bss.currentMenu
                0x00000000000048d5        0x1 src/options.c.24.o
                0x00000000000048d5                currentMenu
 *fill*         0x00000000000048d6        0x2 
 .bss.optionsMenu
                0x00000000000048d8        0x4 src/options.c.24.o
 .bss.statusBar
                0x00000000000048dc        0x4 src/options.c.24.o
 .bss.menuCallbacks
                0x00000000000048e0       0x34 src/options.c.24.o
 .bss.optionsWindow
                0x0000000000004914        0x4 src/options.c.24.o
 .bss.pagingEnabled
                0x0000000000004918        0x1 src/options.c.24.o
 *fill*         0x0000000000004919        0x3 
 .bss.textAttr  0x000000000000491c        0x4 src/options.c.24.o
 .bss.firstTitleIndex
                0x0000000000004920        0x4 src/page_menu.c.24.o
 .bss.textAttr  0x0000000000004924        0x4 src/page_menu.c.24.o
 .bss.menu_window
                0x0000000000004928        0x4 src/page_menu.c.24.o
 .bss.numTitles
                0x000000000000492c        0x4 src/page_menu.c.24.o
 .bss.pagesLoaded
                0x0000000000004930        0x1 src/page_menu.c.24.o
 *fill*         0x0000000000004931        0x3 
 .bss.statusBar
                0x0000000000004934        0x4 src/page_menu.c.24.o
 .bss.titleMenu
                0x0000000000004938        0x4 src/page_menu.c.24.o
 .bss.pageTitles
                0x000000000000493c       0x50 src/page_menu.c.24.o
                0x000000000000493c                pageTitles
 .bss.waitingForPages
                0x000000000000498c        0x1 src/page_menu.c.24.o
 *fill*         0x000000000000498d        0x3 
 .bss.scrollLayer
                0x0000000000004990        0x4 src/page_view.c.24.o
 .bss.waitingForSubpage
                0x0000000000004994        0x1 src/page_view.c.24.o
                0x0000000000004994                waitingForSubpage
 *fill*         0x0000000000004995        0x3 
 .bss.pageWindow
                0x0000000000004998        0x4 src/page_view.c.24.o
 .bss.totalSubpageCount
                0x000000000000499c        0x4 src/page_view.c.24.o
                0x000000000000499c                totalSubpageCount
 .bss.lastOffset
                0x00000000000049a0        0x4 src/page_view.c.24.o
 .bss.bookmarked
                0x00000000000049a4        0x1 src/page_view.c.24.o
                0x00000000000049a4                bookmarked
 .bss.currFaveState
                0x00000000000049a5        0x1 src/page_view.c.24.o
                0x00000000000049a5                currFaveState
 *fill*         0x00000000000049a6        0x2 
 .bss.statusBar
                0x00000000000049a8        0x4 src/page_view.c.24.o
 .bss.changingScrollOffset
                0x00000000000049ac        0x1 src/page_view.c.24.o
                0x00000000000049ac                changingScrollOffset
 .bss.currPageState
                0x00000000000049ad        0x1 src/page_view.c.24.o
                0x00000000000049ad                currPageState
 *fill*         0x00000000000049ae        0x2 
 .bss.parentLayer
                0x00000000000049b0        0x4 src/subpage.c.24.o
                0x00000000000049b0                parentLayer
 .bss.firstSubpage
                0x00000000000049b4        0x4 src/subpage.c.24.o
                0x00000000000049b4                firstSubpage
 COMMON         0x00000000000049b8        0x4 src/notify.c.24.o
                0x00000000000049b8                notifyFont
 COMMON         0x00000000000049bc        0x4 src/page_menu.c.24.o
                0x00000000000049bc                menuFont
 COMMON         0x00000000000049c0       0x2c src/page_view.c.24.o
                0x00000000000049c0                menuConfig
                0x00000000000049d8                pageMenu
                0x00000000000049dc                actions

DISCARD
 libc.a(*)
 libm.a(*)
 libgcc.a(*)
 *(.eh_frame)
OUTPUT(/home/anthony/workspace/pebble-dev/Pebble projects/pebket/build/aplite/pebble-app.elf elf32-littlearm)

.ARM.attributes
                0x0000000000000000       0x27
 .ARM.attributes
                0x0000000000000000       0x19 /home/anthony/workspace/pebble-dev/pebble-sdk-4.2-linux64/arm-cs-tools/bin/../lib/gcc/arm-none-eabi/4.7.2/thumb2/crti.o
 .ARM.attributes
                0x0000000000000019       0x29 /home/anthony/workspace/pebble-dev/pebble-sdk-4.2-linux64/arm-cs-tools/bin/../lib/gcc/arm-none-eabi/4.7.2/thumb2/crtbegin.o
 .ARM.attributes
                0x0000000000000042       0x33 src/debug.c.24.o
 .ARM.attributes
                0x0000000000000075       0x33 src/drawing.c.24.o
 .ARM.attributes
                0x00000000000000a8       0x33 src/main.c.24.o
 .ARM.attributes
                0x00000000000000db       0x33 src/main_menu.c.24.o
 .ARM.attributes
                0x000000000000010e       0x33 src/message_handler.c.24.o
 .ARM.attributes
                0x0000000000000141       0x33 src/messaging_core.c.24.o
 .ARM.attributes
                0x0000000000000174       0x33 src/notify.c.24.o
 .ARM.attributes
                0x00000000000001a7       0x33 src/options.c.24.o
 .ARM.attributes
                0x00000000000001da       0x33 src/page_menu.c.24.o
 .ARM.attributes
                0x000000000000020d       0x33 src/page_view.c.24.o
 .ARM.attributes
                0x0000000000000240       0x33 src/subpage.c.24.o
 .ARM.attributes
                0x0000000000000273       0x33 src/util.c.24.o
 .ARM.attributes
                0x00000000000002a6       0x33 aplite/appinfo.auto.c.24.o
 .ARM.attributes
                0x00000000000002d9       0x21 /home/anthony/.pebble-sdk/SDKs/current/sdk-core/pebble/aplite/lib/libpebble.a(tmp8J753Spebble.o)
 .ARM.attributes
                0x00000000000002fa       0x29 /home/anthony/workspace/pebble-dev/pebble-sdk-4.2-linux64/arm-cs-tools/bin/../lib/gcc/arm-none-eabi/4.7.2/thumb2/crtend.o
 .ARM.attributes
                0x0000000000000323       0x19 /home/anthony/workspace/pebble-dev/pebble-sdk-4.2-linux64/arm-cs-tools/bin/../lib/gcc/arm-none-eabi/4.7.2/thumb2/crtn.o

.comment        0x0000000000000000       0x4e
 .comment       0x0000000000000000       0x4e /home/anthony/workspace/pebble-dev/pebble-sdk-4.2-linux64/arm-cs-tools/bin/../lib/gcc/arm-none-eabi/4.7.2/thumb2/crtbegin.o
                                         0x4f (size before relaxing)
 .comment       0x0000000000000000       0x4f src/debug.c.24.o
 .comment       0x0000000000000000       0x4f src/drawing.c.24.o
 .comment       0x0000000000000000       0x4f src/main.c.24.o
 .comment       0x0000000000000000       0x4f src/main_menu.c.24.o
 .comment       0x0000000000000000       0x4f src/message_handler.c.24.o
 .comment       0x0000000000000000       0x4f src/messaging_core.c.24.o
 .comment       0x0000000000000000       0x4f src/notify.c.24.o
 .comment       0x0000000000000000       0x4f src/options.c.24.o
 .comment       0x0000000000000000       0x4f src/page_menu.c.24.o
 .comment       0x0000000000000000       0x4f src/page_view.c.24.o
 .comment       0x0000000000000000       0x4f src/subpage.c.24.o
 .comment       0x0000000000000000       0x4f src/util.c.24.o
 .comment       0x0000000000000000       0x4f aplite/appinfo.auto.c.24.o
 .comment       0x0000000000000000       0x4f /home/anthony/workspace/pebble-dev/pebble-sdk-4.2-linux64/arm-cs-tools/bin/../lib/gcc/arm-none-eabi/4.7.2/thumb2/crtend.o

.debug_info     0x0000000000000000     0xb2bd
 .debug_info    0x0000000000000000      0x5fa src/debug.c.24.o
 .debug_info    0x00000000000005fa      0x620 src/drawing.c.24.o
 .debug_info    0x0000000000000c1a      0x1c2 src/main.c.24.o
 .debug_info    0x0000000000000ddc      0xbad src/main_menu.c.24.o
 .debug_info    0x0000000000001989     0x10c5 src/message_handler.c.24.o
 .debug_info    0x0000000000002a4e      0xc32 src/messaging_core.c.24.o
 .debug_info    0x0000000000003680      0xc6a src/notify.c.24.o
 .debug_info    0x00000000000042ea     0x286a src/options.c.24.o
 .debug_info    0x0000000000006b54     0x1ac0 src/page_menu.c.24.o
 .debug_info    0x0000000000008614     0x1504 src/page_view.c.24.o
 .debug_info    0x0000000000009b18      0xf04 src/subpage.c.24.o
 .debug_info    0x000000000000aa1c      0x588 src/util.c.24.o
 .debug_info    0x000000000000afa4      0x319 aplite/appinfo.auto.c.24.o

.debug_abbrev   0x0000000000000000     0x2477
 .debug_abbrev  0x0000000000000000      0x226 src/debug.c.24.o
 .debug_abbrev  0x0000000000000226      0x1e0 src/drawing.c.24.o
 .debug_abbrev  0x0000000000000406       0xa2 src/main.c.24.o
 .debug_abbrev  0x00000000000004a8      0x2bc src/main_menu.c.24.o
 .debug_abbrev  0x0000000000000764      0x310 src/message_handler.c.24.o
 .debug_abbrev  0x0000000000000a74      0x3cb src/messaging_core.c.24.o
 .debug_abbrev  0x0000000000000e3f      0x307 src/notify.c.24.o
 .debug_abbrev  0x0000000000001146      0x422 src/options.c.24.o
 .debug_abbrev  0x0000000000001568      0x428 src/page_menu.c.24.o
 .debug_abbrev  0x0000000000001990      0x422 src/page_view.c.24.o
 .debug_abbrev  0x0000000000001db2      0x426 src/subpage.c.24.o
 .debug_abbrev  0x00000000000021d8      0x201 src/util.c.24.o
 .debug_abbrev  0x00000000000023d9       0x9e aplite/appinfo.auto.c.24.o

.debug_loc      0x0000000000000000     0x4069
 .debug_loc     0x0000000000000000      0x13b src/debug.c.24.o
 .debug_loc     0x000000000000013b      0x43c src/drawing.c.24.o
 .debug_loc     0x0000000000000577       0x60 src/main.c.24.o
 .debug_loc     0x00000000000005d7      0x279 src/main_menu.c.24.o
 .debug_loc     0x0000000000000850      0x5a6 src/message_handler.c.24.o
 .debug_loc     0x0000000000000df6      0x32c src/messaging_core.c.24.o
 .debug_loc     0x0000000000001122      0x2bc src/notify.c.24.o
 .debug_loc     0x00000000000013de     0x109b src/options.c.24.o
 .debug_loc     0x0000000000002479      0x8cf src/page_menu.c.24.o
 .debug_loc     0x0000000000002d48      0x7d2 src/page_view.c.24.o
 .debug_loc     0x000000000000351a      0x854 src/subpage.c.24.o
 .debug_loc     0x0000000000003d6e      0x2fb src/util.c.24.o

.debug_aranges  0x0000000000000000      0x550
 .debug_aranges
                0x0000000000000000       0x28 src/debug.c.24.o
 .debug_aranges
                0x0000000000000028       0x30 src/drawing.c.24.o
 .debug_aranges
                0x0000000000000058       0x30 src/main.c.24.o
 .debug_aranges
                0x0000000000000088       0x48 src/main_menu.c.24.o
 .debug_aranges
                0x00000000000000d0       0x70 src/message_handler.c.24.o
 .debug_aranges
                0x0000000000000140       0x80 src/messaging_core.c.24.o
 .debug_aranges
                0x00000000000001c0       0x70 src/notify.c.24.o
 .debug_aranges
                0x0000000000000230       0xf0 src/options.c.24.o
 .debug_aranges
                0x0000000000000320       0x90 src/page_menu.c.24.o
 .debug_aranges
                0x00000000000003b0       0x88 src/page_view.c.24.o
 .debug_aranges
                0x0000000000000438       0xa0 src/subpage.c.24.o
 .debug_aranges
                0x00000000000004d8       0x60 src/util.c.24.o
 .debug_aranges
                0x0000000000000538       0x18 aplite/appinfo.auto.c.24.o

.debug_ranges   0x0000000000000000      0x890
 .debug_ranges  0x0000000000000000       0x38 src/debug.c.24.o
 .debug_ranges  0x0000000000000038       0x50 src/drawing.c.24.o
 .debug_ranges  0x0000000000000088       0x20 src/main.c.24.o
 .debug_ranges  0x00000000000000a8       0x38 src/main_menu.c.24.o
 .debug_ranges  0x00000000000000e0       0x60 src/message_handler.c.24.o
 .debug_ranges  0x0000000000000140       0xa0 src/messaging_core.c.24.o
 .debug_ranges  0x00000000000001e0       0x60 src/notify.c.24.o
 .debug_ranges  0x0000000000000240      0x258 src/options.c.24.o
 .debug_ranges  0x0000000000000498      0x148 src/page_menu.c.24.o
 .debug_ranges  0x00000000000005e0      0x120 src/page_view.c.24.o
 .debug_ranges  0x0000000000000700      0x140 src/subpage.c.24.o
 .debug_ranges  0x0000000000000840       0x50 src/util.c.24.o

.debug_line     0x0000000000000000     0x2756
 .debug_line    0x0000000000000000      0x200 src/debug.c.24.o
 .debug_line    0x0000000000000200      0x192 src/drawing.c.24.o
 .debug_line    0x0000000000000392      0x10a src/main.c.24.o
 .debug_line    0x000000000000049c      0x295 src/main_menu.c.24.o
 .debug_line    0x0000000000000731      0x312 src/message_handler.c.24.o
 .debug_line    0x0000000000000a43      0x341 src/messaging_core.c.24.o
 .debug_line    0x0000000000000d84      0x2af src/notify.c.24.o
 .debug_line    0x0000000000001033      0x570 src/options.c.24.o
 .debug_line    0x00000000000015a3      0x50d src/page_menu.c.24.o
 .debug_line    0x0000000000001ab0      0x41a src/page_view.c.24.o
 .debug_line    0x0000000000001eca      0x403 src/subpage.c.24.o
 .debug_line    0x00000000000022cd      0x33a src/util.c.24.o
 .debug_line    0x0000000000002607      0x14f aplite/appinfo.auto.c.24.o

.debug_str      0x0000000000000000     0x311e
 .debug_str     0x0000000000000000      0x271 src/debug.c.24.o
                                        0x306 (size before relaxing)
 .debug_str     0x0000000000000271      0x294 src/drawing.c.24.o
                                        0x3b8 (size before relaxing)
 .debug_str     0x0000000000000505       0xbe src/main.c.24.o
                                        0x1a2 (size before relaxing)
 .debug_str     0x00000000000005c3      0x4a0 src/main_menu.c.24.o
                                        0x6c8 (size before relaxing)
 .debug_str     0x0000000000000a63      0x628 src/message_handler.c.24.o
                                        0x907 (size before relaxing)
 .debug_str     0x000000000000108b      0x49c src/messaging_core.c.24.o
                                        0x83d (size before relaxing)
 .debug_str     0x0000000000001527      0x254 src/notify.c.24.o
                                        0x654 (size before relaxing)
 .debug_str     0x000000000000177b      0xbfd src/options.c.24.o
                                       0x137e (size before relaxing)
 .debug_str     0x0000000000002378      0x198 src/page_menu.c.24.o
                                        0xd15 (size before relaxing)
 .debug_str     0x0000000000002510      0x721 src/page_view.c.24.o
                                        0xbf9 (size before relaxing)
 .debug_str     0x0000000000002c31      0x26c src/subpage.c.24.o
                                        0x69d (size before relaxing)
 .debug_str     0x0000000000002e9d      0x124 src/util.c.24.o
                                        0x2a1 (size before relaxing)
 .debug_str     0x0000000000002fc1      0x15d aplite/appinfo.auto.c.24.o
                                        0x2fc (size before relaxing)

.debug_frame    0x0000000000000000      0xe7c
 .debug_frame   0x0000000000000000       0x5c src/debug.c.24.o
 .debug_frame   0x000000000000005c       0x80 src/drawing.c.24.o
 .debug_frame   0x00000000000000dc       0x58 src/main.c.24.o
 .debug_frame   0x0000000000000134       0xb8 src/main_menu.c.24.o
 .debug_frame   0x00000000000001ec      0x130 src/message_handler.c.24.o
 .debug_frame   0x000000000000031c      0x134 src/messaging_core.c.24.o
 .debug_frame   0x0000000000000450      0x144 src/notify.c.24.o
 .debug_frame   0x0000000000000594      0x2b8 src/options.c.24.o
 .debug_frame   0x000000000000084c      0x1bc src/page_menu.c.24.o
 .debug_frame   0x0000000000000a08      0x19c src/page_view.c.24.o
 .debug_frame   0x0000000000000ba4      0x1e4 src/subpage.c.24.o
 .debug_frame   0x0000000000000d88       0xf4 src/util.c.24.o
